{
  "glo": [ 0, 1, 0 ],
  "target": [ "webgl", [ 1, 0, 0 ] ],
  "meta": {
    "copyright": [ "", 2011, "" ],
    "author": {},
    "license": null,
    "library": null,
    "version": null,
    "build": null
  },
  "units": [
    {
      "insym": [],
      "outsym": [ "main" ],
      "inmac": [ "EXTMAC" ],
      "opmac": [ "MYMAC" ],
      "outmac": [],
      "source":
        "#line 1 GLOC_0\n#if EXTMAC\n#define MYMAC vec4(1.)\n#else\n#define MYMAC vec4(0.)\n \n#endif\n\nvoid main() { gl_Position = MYMAC; }"
    }
  ],
  "linkmap": { "0": "<stdin>#0" }
}
