{
  "glo": [ 1, 0, 0 ],
  "target": [ "webgl", [ 1, 0, 0 ] ],
  "meta": { "copyright": [ 2012, [ "", "" ] ] },
  "units": [
    {
      "insym": [ "incoming" ],
      "outsym": [ "main" ],
      "source":
        "#line 1 GLOC_0\nvoid main() {\n     gl_Position = vec3(incoming);\n}"
    }
  ],
  "linkmap": { "0": "#n=0" }
}
