{
  "glo": [ 0, 1, 0 ],
  "target": [ "webgl", [ 1, 0, 0 ] ],
  "meta": {
    "author": {},
    "license": [ "Copyright (C) 2011 . All rights reserved.", "" ],
    "library": null,
    "version": null,
    "build": null
  },
  "units": [
    {
      "insym": [],
      "outsym": [ "k", "foo" ],
      "inmac": [],
      "opmac": [],
      "outmac": [],
      "source":
        "#line 1 GLOC_0\nprecision highp float;\n\nstruct k { float f; };\n\nint foo() { struct m { int g; }; return 1; }"
    }
  ],
  "linkmap": {}
}
