{
  "glo": [ 1, 0, 0 ],
  "target": [ "webgl", [ 1, 0, 0 ] ],
  "meta": { "copyright": [ 2012, [ "", "" ] ] },
  "units": [
    {
      "vary": [ "gP" ],
      "outsym": [ "set_gP", "get_gP", "gP" ],
      "source":
        "#line 1 GLOC_0\nvarying vec3 gP;\n\nvec3 get_gP() { return gP; }\nvoid set_gP(vec3 p) { gP = p; }"
    }
  ],
  "linkmap": { "0": "#n=0" }
}
