#version 0144/*  can only be decimal '100' no more no less and always*/
