File 0, line 1, col 19 - 25:
unknown behavior "fizzle"

