File 0, line 3, col 5 - 6:
too few macro arguments: expected 1, got 0

File 0, line 4, col 5 - 6:
too few macro arguments: expected 1, got 0

