precision highp float;

             vec3

     foo() { return
#line 3 0
             vec3

                        (
#line 2 0
            5


                            ); }

void main() {
#line 2 0
            5





        ;
}
