File 0, line 1, col 4 - 5:
ambiguous preprocessor conditional branch: E

Fatal: unrecoverable preprocessor divergence (4)
