




void main() {
#line 2
             (( ( (




             7
#line 2
                )*2) ) * 2 )




                ;
#line 1
             ((


            2
#line 1
                )/2)


               +
#line 2
             ((
#line 1
             ((


            2
#line 1
                )/2)


               +
#line 2
             ((





             7
#line 2
                )*2) ) * 2 )





                ;
}
