File 0, line 3, col 7 - 8:
unclosed macro argument list

Fatal: unrecoverable preprocessor error (5)
