File 0, line 1, col 5 - 6:
"," is not supported in preprocessor expressions

Fatal: unrecoverable preprocessor error (5)
