File 0, line 6, col 5 - 6:
too many macro arguments: expected 1, got 2

File 0, line 8, col 5 - 6:
too many macro arguments: expected 0, got 1

File 0, line 9, col 5 - 6:
too many macro arguments: expected 0, got 2

Fatal: unrecoverable preprocessor error (4)
