File 0, line 1, col 12 - 13:
ESSL parse error: '{'

Fatal: unrecoverable parse error (7)
