/*a header */

/*here comes an empty directive         that was an empty directive */  
