void main() {
  int k = 3;

  if (true) int g = k = 4;
  else int q = k = 5;

  g = 3;/*  error but angle doesn't*/
  q = 4;/*  error but angle doesn't*/

  if (true) int g = 4;/*  ok but angle errors*/
  else int k = 10;/*  ok but angle errors*/

  if (true) { int g = 10; }/*  ok*/
  else { int k = 20; }/*  ok*/

  gl_FragColor = vec4(1.);
}
