#line 1 0/* <stdin>#u=0 */
void main() {
  ;
  ;
  {}
  {;}
  {;{};}
  {;{;};}

  gl_FragColor = vec4(0.);
}

